Guessed letters: XPL
Guesses remaining: 9
PLURALSIGHT
PL---L-----
